// Jest Snapshot v1, https://goo.gl/fbAQLP

exports[`XRichComponent db format to react component 1`] = `
<span>
  @Sergey Lapin 123 @Other Guy
  <span
    style={
      Object {
        "color": "#1790ff",
      }
    }
  >
    @Sergey Lapin
  </span>
</span>
`;
