// Jest Snapshot v1, https://goo.gl/fbAQLP

exports[`XButton should render correctly 1`] = `
.css-126rrgb,
[data-css-126rrgb] {
  display: -webkit-box;
  display: -moz-box;
  display: -ms-flexbox;
  display: -webkit-flex;
  display: flex;
  box-sizing: border-box;
  pointer-events: auto;
  cursor: pointer;
  transition: box-shadow 0.08s ease-in, color 0.08s ease-in, border 0s,
    all 0.15s ease;
  background-color: #f6f6f6;
  color: rgba(0, 0, 0, 0.7);
  border: solid 1px transparent;
  height: 32px;
  line-height: 30px;
  font-size: 13px;
  letter-spacing: 0;
  font-weight: 600;
  border-top-left-radius: 16px;
  border-bottom-left-radius: 16px;
  border-top-right-radius: 16px;
  border-bottom-right-radius: 16px;
  -webkit-transition: box-shadow 0.08s ease-in, color 0.08s ease-in, border 0s,
    all 0.15s ease;
  -moz-transition: box-shadow 0.08s ease-in, color 0.08s ease-in, border 0s,
    all 0.15s ease;
}
.css-126rrgb .loading-icon,
[data-css-126rrgb] .loading-icon {
  position: absolute;
  width: 32px;
  height: 32px;
  line-height: normal;
  top: calc(50% - 16px);
  left: calc(50% - 16px);
}
.css-126rrgb .icon-responsive,
[data-css-126rrgb] .icon-responsive {
  display: none;
}
.css-126rrgb:hover,
[data-css-126rrgb]:hover,
.css-126rrgb:hover *,
[data-css-126rrgb]:hover * {
  text-decoration: none !important;
}
.css-126rrgb:hover,
[data-css-126rrgb]:hover {
  background-color: #e6e9ec;
  color: rgba(0, 0, 0, 0.7);
}
.css-126rrgb:active,
[data-css-126rrgb]:active {
  background-color: #1790ff;
  color: #ffffff;
}
.css-126rrgb:focus,
[data-css-126rrgb]:focus {
  box-shadow: 0 0 0 1px rgba(50, 151, 211, 0.2),
    0 0 0 2px rgba(50, 151, 211, 0.25), 0 2px 5px 0 rgba(0, 0, 0, 0.1),
    0 0 0 0 transparent, 0 0 0 0 transparent;
}
.css-126rrgb .button-content,
[data-css-126rrgb] .button-content {
  padding-left: 16px;
  padding-right: 16px;
}
.css-126rrgb .icon.material,
[data-css-126rrgb] .icon.material {
  font-size: 20px;
}
.css-126rrgb i.icon-svg,
[data-css-126rrgb] i.icon-svg {
  display: -webkit-box;
  display: -moz-box;
  display: -ms-flexbox;
  display: -webkit-flex;
  display: flex;
}
.css-126rrgb svg,
[data-css-126rrgb] svg {
  margin-left: -2px;
  margin-right: 4px;
}
.css-11a8r8c,
[data-css-11a8r8c] {
  width: 100%;
  height: 100%;
  display: -webkit-box;
  display: -moz-box;
  display: -ms-flexbox;
  display: -webkit-flex;
  display: flex;
  justify-content: center;
  align-items: center;
  text-decoration: none;
  flex-direction: row;
  user-select: none;
  white-space: nowrap;
  word-break: keep-all;
  position: relative;
  outline: none;
  -webkit-box-pack: center;
  -webkit-justify-content: center;
  -webkit-box-align: center;
  -webkit-align-items: center;
  -webkit-box-orient: horizontal;
  -webkit-box-direction: normal;
  -webkit-flex-direction: row;
  -webkit-user-select: none;
  -moz-user-select: none;
  -ms-user-select: none;
}
.css-12alag6,
[data-css-12alag6] {
  display: -webkit-box;
  display: -moz-box;
  display: -ms-flexbox;
  display: -webkit-flex;
  display: flex;
  align-items: center;
  -webkit-box-align: center;
  -webkit-align-items: center;
}
.css-n8ddkv,
[data-css-n8ddkv] {
  max-width: 100%;
  white-space: nowrap;
  text-overflow: ellipsis;
  overflow: hidden;
}

.css-0,
[data-css-0] {
  display: -webkit-box;
  display: -moz-box;
  display: -ms-flexbox;
  display: -webkit-flex;
  display: flex;
  box-sizing: border-box;
  pointer-events: auto;
  cursor: pointer;
  transition: box-shadow .08s ease-in,color .08s ease-in, border .0s, all .15s ease;
  background-color: #f6f6f6;
  color: rgba(0, 0, 0, 0.7);
  border: solid 1px transparent;
  height: 32px;
  line-height: 30px;
  font-size: 13px;
  letter-spacing: 0;
  font-weight: 600;
  border-top-left-radius: 16px;
  border-bottom-left-radius: 16px;
  border-top-right-radius: 16px;
  border-bottom-right-radius: 16px;
  -webkit-transition: box-shadow .08s ease-in,color .08s ease-in, border .0s, all .15s ease;
  -moz-transition: box-shadow .08s ease-in,color .08s ease-in, border .0s, all .15s ease;
}

.css-0 .loading-icon,
[data-css-0] .loading-icon {
  position: absolute;
  width: 32px;
  height: 32px;
  line-height: normal;
  top: calc(50% - 16px);
  left: calc(50% - 16px);
}

.css-0 .icon-responsive,
[data-css-0] .icon-responsive {
  display: none;
}

.css-0:hover,
[data-css-0]:hover,
.css-0:hover *,
[data-css-0]:hover * {
  text-decoration: none !important;
}

.css-0:hover,
[data-css-0]:hover {
  background-color: #e6e9ec;
  color: rgba(0, 0, 0, 0.7);
}

.css-0:active,
[data-css-0]:active {
  background-color: #1790ff;
  color: #ffffff;
}

.css-0:focus,
[data-css-0]:focus {
  box-shadow: 0 0 0 1px rgba(50,151,211,.2), 0 0 0 2px rgba(50,151,211,.25), 0 2px 5px 0 rgba(0,0,0,.1), 0 0 0 0 transparent, 0 0 0 0 transparent;
}

.css-0 .button-content,
[data-css-0] .button-content {
  padding-left: 16px;
  padding-right: 16px;
}

.css-0 .icon.material,
[data-css-0] .icon.material {
  font-size: 20px;
}

.css-0 i.icon-svg,
[data-css-0] i.icon-svg {
  display: -webkit-box;
  display: -moz-box;
  display: -ms-flexbox;
  display: -webkit-flex;
  display: flex;
}

.css-0 svg,
[data-css-0] svg {
  margin-left: -2px;
  margin-right: 4px;
}

.css-4,
[data-css-4] {
  width: 100%;
  height: 100%;
  display: -webkit-box;
  display: -moz-box;
  display: -ms-flexbox;
  display: -webkit-flex;
  display: flex;
  justify-content: center;
  align-items: center;
  text-decoration: none;
  flex-direction: row;
  user-select: none;
  white-space: nowrap;
  word-break: keep-all;
  position: relative;
  outline: none;
  -webkit-box-pack: center;
  -webkit-justify-content: center;
  -webkit-box-align: center;
  -webkit-align-items: center;
  -webkit-box-orient: horizontal;
  -webkit-box-direction: normal;
  -webkit-flex-direction: row;
  -webkit-user-select: none;
  -moz-user-select: none;
  -ms-user-select: none;
}

.css-5,
[data-css-5] {
  display: -webkit-box;
  display: -moz-box;
  display: -ms-flexbox;
  display: -webkit-flex;
  display: flex;
  align-items: center;
  -webkit-box-align: center;
  -webkit-align-items: center;
}

.css-6,
[data-css-6] {
  max-width: 100%;
  white-space: nowrap;
  text-overflow: ellipsis;
  overflow: hidden;
}

<a
  className="css-0"
>
  <div
    className="css-4 button-content"
    tabIndex={-1}
  >
    <div
      className="css-5 main-content"
    >
      <span
        className="css-6"
      >
        X Button Test
      </span>
    </div>
  </div>
</a>
`;
